// Jest Snapshot v1, https://goo.gl/fbAQLP

exports[`should match snapshot 1`] = `
<DocumentFragment>
  <div
    class="App"
  >
    <div
      class="BoxList"
    >
      <h2>
        Box List
      </h2>
      <form
        class="NewBoxForm"
      >
        <div>
          <label
            for="color"
          >
            Color
          </label>
          <input
            id="color"
            name="color"
            placeholder="Box Color"
            type="text"
            value=""
          />
        </div>
        <div>
          <label
            for="width"
          >
            Width
          </label>
          <input
            id="width"
            name="width"
            placeholder="Box Width"
            type="text"
            value=""
          />
        </div>
        <div>
          <label
            for="height"
          >
            Height
          </label>
          <input
            id="height"
            name="height"
            placeholder="Box Height"
            type="text"
            value=""
          />
        </div>
        <button>
          Add Box
        </button>
      </form>
    </div>
  </div>
</DocumentFragment>
`;
